| Firstname | Lastname | Age |
| --- | --- | --- |
| Jill | Smith | 50 |
| Eve | Jackson | 94 |
| Empty |  |  |
| End |

### With \| Character

| Firstname | With \| Character | Age |
| --- | --- | --- |
| Jill | Smith | 50 |
| Eve | Jackson | 94 |

### Tabelle mit thead, tfoot, and tbody

| Header content 1 | Header content 2 |
| --- | --- |
| Footer content 1 | Footer content 2 |
| Body content 1 | Body content 2 |

|     |
| --- |
| Unglaublich tolle Daten |

Unglaublich tolle Beschreibung

|     |     |     |     |
| --- | --- | --- | --- |
| A | B |
| A | B | C | D |
| A | B | C |

#### Pegel DUISBURG-RUHRORT

Quelle: â€¦

|     |     |     |
| --- | --- | --- |
| **Strong** | [Link](http://example.com/link.html) | _Italic_ |
| `var` | b | c |

|     |
| --- |
| 1<br>2<br>3 |

|     |
| --- |
| |     |
| --- |
| 1<br>2<br>3 | |