FirstnameLastnameAgeJillSmith50EveJackson94EmptyEnd

### With \| Character

FirstnameWith \| CharacterAgeJillSmith50 Eve
 Jackson
  94

### Tabelle mit thead, tfoot, and tbody

Header content 1Header content 2Footer content 1Footer content 2Body content 1Body content 2Unglaublich tolle BeschreibungUnglaublich tolle Daten

#### Pegel DUISBURG-RUHRORT

Quelle: â€¦

ABABCDABC**Strong**[Link](http://example.com/link.html)_Italic_`var`bc

1

2

3

1

2

3