<!-- arguments -->
<table>
  <tr>
    <td colspan="">A1</td>
    <td colspan="x">B1</td>
    <td colspan="-5">C1</td>
  </tr>
</table>

<hr />

<!-- colspan -->
<table>
  <tr>
    <td colspan="2">wide cell</td>
    <!-- here -->
    <td>B1</td>
  </tr>
  <tr>
    <td>A2</td>
    <td>B2</td>
    <td>C2</td>
  </tr>
</table>

<!-- rowspan -->
<table>
  <tr>
    <td rowspan="2">tall cell</td>
    <td>B1</td>
    <td>C1</td>
  </tr>
  <tr>
    <!-- here -->
    <td>A2</td>
    <td>B2</td>
  </tr>
  <tr>
    <td>A3</td>
    <td>B3</td>
    <td>C3</td>
  </tr>
</table>

<!-- rowspan & colspan -->
<table>
  <tr>
    <td rowspan="2" colspan="2">big cell</td>
    <!-- here -->
    <td>B1</td>
  </tr>
  <tr>
    <!-- here -->
    <!-- here -->
    <td>A2</td>
  </tr>
  <tr>
    <td>A3</td>
    <td>B3</td>
    <td>C3</td>
  </tr>
</table>
