<!DOCTYPE html>
<html>
  <body>
    <div style="">
      <!--[if mso | IE]><table align="center" border="0" cellpadding="0" cellspacing="0" class="" style="width:600px;" width="600" ><tr><td style="line-height:0px;font-size:0px;mso-line-height-rule:exactly;"><![endif]-->
      <div style="margin: 0px auto; max-width: 600px">
        <table
          align="center"
          border="0"
          cellpadding="0"
          cellspacing="0"
          role="presentation"
          style="width: 100%"
        >
          <tbody>
            <tr>
              <td
                style="
                  direction: ltr;
                  font-size: 0px;
                  padding: 20px 0;
                  text-align: center;
                "
              >
                <!--[if mso | IE]><table role="presentation" border="0" cellpadding="0" cellspacing="0"><tr><td class="" style="vertical-align:top;width:600px;" ><![endif]-->
                <div
                  class="mj-column-per-100 mj-outlook-group-fix"
                  style="
                    font-size: 0px;
                    text-align: left;
                    direction: ltr;
                    display: inline-block;
                    vertical-align: top;
                    width: 100%;
                  "
                >
                  <table
                    border="0"
                    cellpadding="0"
                    cellspacing="0"
                    role="presentation"
                    style="vertical-align: top"
                    width="100%"
                  >
                    <tbody>
                      <tr>
                        <td
                          align="center"
                          style="
                            font-size: 0px;
                            padding: 10px 25px;
                            word-break: break-word;
                          "
                        >
                          <table
                            border="0"
                            cellpadding="0"
                            cellspacing="0"
                            role="presentation"
                            style="
                              border-collapse: collapse;
                              border-spacing: 0px;
                            "
                          >
                            <tbody>
                              <tr>
                                <td style="width: 100px">
                                  <img
                                    height="auto"
                                    src="/assets/picture.png"
                                    style="
                                      border: 0;
                                      display: block;
                                      outline: none;
                                      text-decoration: none;
                                      height: auto;
                                      width: 100%;
                                      font-size: 13px;
                                    "
                                    width="100"
                                  />
                                </td>
                              </tr>
                            </tbody>
                          </table>
                        </td>
                      </tr>
                      <tr>
                        <td
                          align="center"
                          style="
                            font-size: 0px;
                            padding: 10px 25px;
                            word-break: break-word;
                          "
                        >
                          <p
                            style="
                              border-top: solid 4px red;
                              font-size: 1px;
                              margin: 0px auto;
                              width: 100%;
                            "
                          ></p>
                          <!--[if mso | IE
                            ]><table
                              align="center"
                              border="0"
                              cellpadding="0"
                              cellspacing="0"
                              style="
                                border-top: solid 4px red;
                                font-size: 1px;
                                margin: 0px auto;
                                width: 550px;
                              "
                              role="presentation"
                              width="550px"
                            >
                              <tr>
                                <td style="height: 0; line-height: 0">
                                  &nbsp;
                                </td>
                              </tr>
                            </table><!
                          [endif]-->
                        </td>
                      </tr>
                      <tr>
                        <td
                          align="left"
                          style="
                            font-size: 0px;
                            padding: 10px 25px;
                            word-break: break-word;
                          "
                        >
                          <div
                            style="
                              font-family: Ubuntu, Helvetica, Arial, sans-serif;
                              font-size: 13px;
                              line-height: 1;
                              text-align: left;
                              color: #000000;
                            "
                          >
                            normal body content
                          </div>
                        </td>
                      </tr>
                    </tbody>
                  </table>
                </div>
                <!--[if mso | IE]></td></tr></table><![endif]-->
              </td>
            </tr>
          </tbody>
        </table>
      </div>
      <!--[if mso | IE]></td></tr></table><table align="center" border="0" cellpadding="0" cellspacing="0" class="" style="width:600px;" width="600" ><tr><td style="line-height:0px;font-size:0px;mso-line-height-rule:exactly;"><![endif]-->
      <div style="margin: 0px auto; max-width: 600px">
        <table
          align="center"
          border="0"
          cellpadding="0"
          cellspacing="0"
          role="presentation"
          style="width: 100%"
        >
          <tbody>
            <tr>
              <td
                style="
                  direction: ltr;
                  font-size: 0px;
                  padding: 20px 0;
                  text-align: center;
                "
              >
                <!--[if mso | IE]><table role="presentation" border="0" cellpadding="0" cellspacing="0"><tr><td class="" style="vertical-align:top;width:600px;" ><![endif]-->
                <div
                  class="mj-column-per-100 mj-outlook-group-fix"
                  style="
                    font-size: 0px;
                    text-align: left;
                    direction: ltr;
                    display: inline-block;
                    vertical-align: top;
                    width: 100%;
                  "
                >
                  <table
                    border="0"
                    cellpadding="0"
                    cellspacing="0"
                    role="presentation"
                    style="vertical-align: top"
                    width="100%"
                  >
                    <tbody>
                      <tr>
                        <td
                          align="left"
                          style="
                            font-size: 0px;
                            padding: 10px 25px;
                            word-break: break-word;
                          "
                        >
                          <table
                            cellpadding="0"
                            cellspacing="0"
                            width="100%"
                            border="0"
                            style="
                              color: #000000;
                              font-family: Ubuntu, Helvetica, Arial, sans-serif;
                              font-size: 13px;
                              line-height: 22px;
                              table-layout: auto;
                              width: 100%;
                              border: none;
                            "
                          >
                            <tr>
                              <th>A1</th>
                              <th>A2</th>
                            </tr>
                            <tr>
                              <td>B1</td>
                              <td>B2</td>
                            </tr>
                          </table>
                        </td>
                      </tr>
                    </tbody>
                  </table>
                </div>
                <!--[if mso | IE]></td></tr></table><![endif]-->
              </td>
            </tr>
          </tbody>
        </table>
      </div>
      <!--[if mso | IE]></td></tr></table><![endif]-->
    </div>
  </body>
</html>
