
error: no files found matching pattern "not_found.html"

Here is how you can use a glob to match multiple files:

    html2markdown --input "src/*.html" --output "dist/"

