
error: invalid value "b.html" for flag -input: another value has already been set

