
# html2markdown - convert html to markdown [version 2.3.4-test]

Convert HTML to Markdown. Even works with entire websites!

## Basics

By default the "Commonmark" Plugin will be enabled. You can customize the options,
for example changing the appearance of bold with --opt-strong-delimiter="__"

Other Plugins can also be enabled. For example "GitHub Flavored Markdown" (GFM)
extends Commonmark with more features.

## Relative / Absolute Links

Use --domain="https://example.com" to convert *relative* links to *absolute* links.
The same also works for images.

## Escaping

Some characters have a special meaning in markdown. The library escapes these â€” if necessary.
See the documentation for more info.

## Security

Once you convert this markdown *back* to HTML you need to be careful of malicious content. 
Use a HTML sanitizer before displaying the HTML in the browser!


## Examples

    echo "<strong>important</strong>" | html2markdown

    curl --no-progress-meter http://example.com | html2markdown


    html2markdown --input file.html --output file.md

    html2markdown --input "src/*.html" --output "dist/"


## Flags

    -v, --version
        show the version of html2markdown and exit

    --help

    --input PATH
        Input file, directory, or glob pattern (instead of stdin)

    --output PATH
        Output file or directory (instead of stdout)

    --output-overwrite
        Replace existing files

    If --input is a directory or glob pattern, --output must be a directory.



    --domain
        The url of the web page, used to convert relative links to absolute links.

    --exclude-selector
        css query selector to exclude parts of the input

    --include-selector
        css query selector to only include parts of the input

    --opt-strong-delimiter
        Make bold text. Should <strong> be indicated by two asterisks or two underscores?
        "**" or "__" (default: "**")

    --plugin-strikethrough
        enable the plugin ~~strikethrough~~



For more information visit the documentation:
https://github.com/Johanneskaufmann/html-to-markdown

