
error: when processing multiple input files, --output "folder" must end with "folder/" to indicate a directory

