1\. xxx 
2\. xxxx
3\. xxx

![](xxx)
4\. golang
a. xx
b. xx