![website favicon](http://commonmark.org/help/images/favicon.png)