-  Indent First Thing
     
    Second Thing
    
- Third Thing