> Allowing an unimportant mistake to pass without comment is a wonderful social grace.
> 
> Ideological differences are no excuse for rudeness.