Who ate the most donuts this week?

```foo+bar
Jeff  15
Sam   11
Robin  6
```