[First Link][1][Second Link][2]

[1]: http://commonmark.org/first
[2]: http://commonmark.org/second