The ordinal number "fifth" can be abbreviated in various languages as follows:

- English: 5th
- French: 5Ã¨me