# Aktuelles

[](http://www.bonnerruderverein.de/wp-content/uploads/2015/09/BRV-abend.jpg "BRV-abend")25 Mai![](http://www.bonnerruderverein.de/wp-content/uploads/2015/09/BRV-abend.jpg)

### [9\. Bonner Nachtlauf - Einschr√§nkungen am Bootshaus](http://www.bonnerruderverein.de/bonner-nachtlauf/)

 am Mittwoch, dem 30. Mai 2018 findet am Bonner Rheinufer der 9. ...
 [More](http://www.bonnerruderverein.de/bonner-nachtlauf/)

* * *

# Aktuelles

### [Title](some_url)

 Fusce dapibus, tellus ac cursus commodo, tortor mauris condimentum nibh, ut fermentum massa justo sit amet risus. Vestibulum id ligula porta felis euismod semper.
 [More](other_url)