# Turndown Demo

This demonstrates [turndown](https://github.com/domchristie/turndown) â€“ an HTML to Markdown converter in JavaScript.

## Usage

```js
var turndownService = new TurndownService()
console.log(
  turndownService.turndown('<h1>Hello world</h1>')
)
```

* * *

It aims to be [CommonMark](http://commonmark.org/)
 compliant, and includes options to style the output. These options include:

- headingStyle (setext or atx)
- horizontalRule (\*, -, or \_)
- bullet (\*, -, or +)
- codeBlockStyle (indented or fenced)
- fence
- emDelimiter (\_ or \*)
- strongDelimiter (\*\* or \_\_)
- linkStyle (inlined or referenced)
- linkReferenceStyle (full, collapsed, or shortcut)