1. First Thing
    - Some Thing
    - Another Thing
    
2. Second Thing