
error: --opt-table-skip-empty-rows requires --plugin-table to be enabled

