
error: error while initializing "table" plugin: unknown value "random" for span cell behavior

