
error: invalid value "" for flag -input: empty string

